// Jest Snapshot v1, https://goo.gl/fbAQLP

exports[`Habits component render 1`] = `[Function]`;
